C51 COMPILER V9.60.0.0   CTEST10                                                           09/02/2022 15:31:28 PAGE 1   


C51 COMPILER V9.60.0.0, COMPILATION OF MODULE CTEST10
OBJECT MODULE PLACED IN .\Objects\ctest10.obj
COMPILER INVOKED BY: C:\Keil_v5\C51\BIN\C51.EXE ctest10.c OPTIMIZE(8,SPEED) BROWSE DEBUG OBJECTEXTEND PRINT(.\Listings\c
                    -test10.lst) TABS(2) OBJECT(.\Objects\ctest10.obj)

line level    source

   1          #include <reg51.h>
   2          void main (void)
   3          {
   4   1        unsigned char x,y,z;
   5   1        unsigned char mybyte=0x29;
   6   1        x=mybyte&0x0F;
   7   1        P0=x| 0x30;
   8   1        y=mybyte & 0xF0;
   9   1        y=y >>4;
  10   1        P1=y;
  11   1        P2=y|0x30;
  12   1      }
*** WARNING C280 IN LINE 4 OF ctest10.c: 'z': unreferenced local variable


MODULE INFORMATION:   STATIC OVERLAYABLE
   CODE SIZE        =     22    ----
   CONSTANT SIZE    =   ----    ----
   XDATA SIZE       =   ----    ----
   PDATA SIZE       =   ----    ----
   DATA SIZE        =   ----       1
   IDATA SIZE       =   ----    ----
   BIT SIZE         =   ----    ----
END OF MODULE INFORMATION.


C51 COMPILATION COMPLETE.  1 WARNING(S),  0 ERROR(S)
