C51 COMPILER V9.60.0.0   SENDBIT                                                           09/02/2022 14:26:06 PAGE 1   


C51 COMPILER V9.60.0.0, COMPILATION OF MODULE SENDBIT
OBJECT MODULE PLACED IN .\Objects\sendbit.obj
COMPILER INVOKED BY: C:\Keil_v5\C51\BIN\C51.EXE sendbit.c OPTIMIZE(8,SPEED) BROWSE DEBUG OBJECTEXTEND PRINT(.\Listings\s
                    -endbit.lst) TABS(2) OBJECT(.\Objects\sendbit.obj)

line level    source

   1          #include <reg51.h>
   2          sbit inbit=P1^0;
   3          sbit outbit=P2^7;
   4          bit membit;
   5          
   6          void main (void)
   7          {
   8   1        while(1)
   9   1        {
  10   2          membit=inbit;
  11   2          outbit=membit;
  12   2        }
  13   1      }


MODULE INFORMATION:   STATIC OVERLAYABLE
   CODE SIZE        =     10    ----
   CONSTANT SIZE    =   ----    ----
   XDATA SIZE       =   ----    ----
   PDATA SIZE       =   ----    ----
   DATA SIZE        =   ----    ----
   IDATA SIZE       =   ----    ----
   BIT SIZE         =      1    ----
END OF MODULE INFORMATION.


C51 COMPILATION COMPLETE.  0 WARNING(S),  0 ERROR(S)
