BL51 BANKED LINKER/LOCATER V6.22.2.0                                                    09/01/2022  13:27:49  PAGE 1


BL51 BANKED LINKER/LOCATER V6.22.2.0, INVOKED BY:
C:\KEIL_V5\C51\BIN\BL51.EXE .\Objects\test4.obj TO .\Objects\test4 PRINT (.\Listings\test4.m51)


INPUT MODULES INCLUDED:
  .\Objects\test4.obj (TEST4)


LINK MAP OF MODULE:  .\Objects\test4 (TEST4)


            TYPE    BASE      LENGTH    RELOCATION   SEGMENT NAME
            -----------------------------------------------------

            * * * * * * *   D A T A   M E M O R Y   * * * * * * *
            REG     0000H     0008H     ABSOLUTE     "REG BANK 0"

            * * * * * * *   C O D E   M E M O R Y   * * * * * * *
            CODE    0000H     0011H     ABSOLUTE     



SYMBOL TABLE OF MODULE:  .\Objects\test4 (TEST4)

  VALUE           TYPE          NAME
  ----------------------------------

  -------         MODULE        TEST4
  C:0008H         SYMBOL        HERE
  D:00A0H         SYMBOL        P2
  C:0000H         LINE#         2
  C:0002H         LINE#         3
  C:0004H         LINE#         4
  C:0006H         LINE#         5
  C:0008H         LINE#         6
  C:0009H         LINE#         7
  C:000BH         LINE#         8
  C:000DH         LINE#         9
  C:000FH         LINE#         10
  -------         ENDMOD        TEST4

******************************************************************************
* RESTRICTED VERSION WITH 0800H BYTE CODE SIZE LIMIT; USED: 0011H BYTE ( 0%) *
******************************************************************************

Program Size: data=8.0 xdata=0 code=17
LINK/LOCATE RUN COMPLETE.  0 WARNING(S),  0 ERROR(S)
