BL51 BANKED LINKER/LOCATER V6.22.2.0                                                    09/02/2022  16:44:08  PAGE 1


BL51 BANKED LINKER/LOCATER V6.22.2.0, INVOKED BY:
C:\KEIL_V5\C51\BIN\BL51.EXE .\Objects\test11.obj TO .\Objects\test11 PRINT (.\Listings\test11.m51)


MEMORY MODEL: SMALL


INPUT MODULES INCLUDED:
  .\Objects\test11.obj (TEST11)
  C:\KEIL_V5\C51\LIB\C51S.LIB (?C_STARTUP)
  C:\KEIL_V5\C51\LIB\C51S.LIB (?C?COPY)


LINK MAP OF MODULE:  .\Objects\test11 (TEST11)


            TYPE    BASE      LENGTH    RELOCATION   SEGMENT NAME
            -----------------------------------------------------

            * * * * * * *   D A T A   M E M O R Y   * * * * * * *
            REG     0000H     0008H     ABSOLUTE     "REG BANK 0"
            DATA    0008H     0007H     UNIT         _DATA_GROUP_
            IDATA   000FH     0001H     UNIT         ?STACK

            * * * * * * *   C O D E   M E M O R Y   * * * * * * *
            CODE    0000H     0003H     ABSOLUTE     
                    0003H     07FDH                  *** GAP ***
            CODE    0800H     00F6H     UNIT         ?C?LIB_CODE
            CODE    08F6H     002AH     UNIT         ?PR?MAIN?TEST11
            CODE    0920H     000CH     UNIT         ?C_C51STARTUP
            CODE    092CH     0007H     UNIT         ?CO?TEST11



OVERLAY MAP OF MODULE:   .\Objects\test11 (TEST11)


SEGMENT                          DATA_GROUP 
  +--> CALLED SEGMENT          START    LENGTH
----------------------------------------------
?C_C51STARTUP                  -----    -----
  +--> ?PR?MAIN?TEST11

?PR?MAIN?TEST11                0008H    0007H
  +--> ?CO?TEST11



SYMBOL TABLE OF MODULE:  .\Objects\test11 (TEST11)

  VALUE           TYPE          NAME
  ----------------------------------

  -------         MODULE        TEST11
  C:0000H         SYMBOL        _ICE_DUMMY_
  D:00A0H         PUBLIC        P2
  C:08F6H         PUBLIC        main
  C:092CH         SYMBOL        _?ix1000
BL51 BANKED LINKER/LOCATER V6.22.2.0                                                  09/02/2022  16:44:08  PAGE 2


  -------         PROC          MAIN
  -------         DO            
  D:0008H         SYMBOL        mynum
  D:0007H         SYMBOL        x
  -------         ENDDO         
  C:08F6H         LINE#         3
  C:08F6H         LINE#         4
  C:08F6H         LINE#         5
  C:0909H         LINE#         7
  C:0915H         LINE#         8
  C:091FH         LINE#         9
  -------         ENDPROC       MAIN
  -------         ENDMOD        TEST11

  -------         MODULE        ?C?COPY
  C:08D0H         PUBLIC        ?C?COPY
  -------         ENDMOD        ?C?COPY

******************************************************************************
* RESTRICTED VERSION WITH 0800H BYTE CODE SIZE LIMIT; USED: 0031H BYTE ( 2%) *
******************************************************************************

Program Size: data=16.0 xdata=0 code=310
LINK/LOCATE RUN COMPLETE.  0 WARNING(S),  0 ERROR(S)
