BL51 BANKED LINKER/LOCATER V6.22.2.0                                                    08/29/2022  10:15:55  PAGE 1


BL51 BANKED LINKER/LOCATER V6.22.2.0, INVOKED BY:
C:\KEIL_V5\C51\BIN\BL51.EXE .\Objects\test3.obj TO .\Objects\test3 PRINT (.\Listings\test3.m51) RAMSIZE (256)


INPUT MODULES INCLUDED:
  .\Objects\test3.obj (TEST3)


LINK MAP OF MODULE:  .\Objects\test3 (TEST3)


            TYPE    BASE      LENGTH    RELOCATION   SEGMENT NAME
            -----------------------------------------------------

            * * * * * * *   D A T A   M E M O R Y   * * * * * * *
            REG     0000H     0008H     ABSOLUTE     "REG BANK 0"

            * * * * * * *   C O D E   M E M O R Y   * * * * * * *
            CODE    0000H     000CH     ABSOLUTE     



SYMBOL TABLE OF MODULE:  .\Objects\test3 (TEST3)

  VALUE           TYPE          NAME
  ----------------------------------

  -------         MODULE        TEST3
  C:0006H         SYMBOL        BACK
  C:0000H         LINE#         2
  C:0002H         LINE#         3
  C:0004H         LINE#         4
  C:0006H         LINE#         5
  C:0007H         LINE#         6
  C:0008H         LINE#         7
  C:0009H         LINE#         8
  C:000AH         LINE#         9
  -------         ENDMOD        TEST3

******************************************************************************
* RESTRICTED VERSION WITH 0800H BYTE CODE SIZE LIMIT; USED: 000CH BYTE ( 0%) *
******************************************************************************

Program Size: data=8.0 xdata=0 code=12
LINK/LOCATE RUN COMPLETE.  0 WARNING(S),  0 ERROR(S)
